// Jest Snapshot v1, https://goo.gl/fbAQLP

exports[`Navbar name 1`] = `
<a>
  Profile
</a>
`;

exports[`Navbar render nav 1`] = `
<a>
  Profile
</a>
`;

exports[`Navbar render navigation bar 1`] = `
<a>
  Profile
</a>
`;

exports[`Navbar render profile 1`] = `
<a>
  Profile
</a>
`;
