// Jest Snapshot v1, https://goo.gl/fbAQLP

exports[`Login renders correctly 1`] = `
<div
  className="flex flex-col items-center justify-center flex-1 w-full text-center"
>
  <div
    className="w-full "
  >
    <div
      className="relative flex flex-col w-full min-w-0 text-white break-words bg-pink-900 shadow-lg "
    >
      <div
        className="px-4 py-3 mb-0 border-0 "
      >
        <div
          className="flex flex-wrap items-center"
        />
      </div>
    </div>
  </div>
</div>
`;
